<html>
<body>
<pre>
<h1>µVision Build Log</h1>
<h2>Tool Versions:</h2>
IDE-Version: ¦ÌVision V5.33.0.0
Copyright (C) 2020 ARM Ltd and ARM Germany GmbH. All rights reserved.
License Information: L TY, LTY, LIC=S5ISZ-JBUT5-AW02F-6J0VG-ZXPRT-4LU38
 
Tool Versions:
Toolchain:       MDK-ARM Professional  Version: 5.33.0.0
Toolchain Path:  D:\Program Files\KEIL5\ARM\ARMCC\Bin
C Compiler:      Armcc.exe V5.06 update 7 (build 960)
Assembler:       Armasm.exe V5.06 update 7 (build 960)
Linker/Locator:  ArmLink.exe V5.06 update 7 (build 960)
Library Manager: ArmAr.exe V5.06 update 7 (build 960)
Hex Converter:   FromElf.exe V5.06 update 7 (build 960)
CPU DLL:         SARMCM3.DLL V5.33.0.0
Dialog DLL:      DCM.DLL V1.17.3.0
Target DLL:      Segger\JL2CM3.dll V2.99.38.0
Dialog DLL:      TCM.DLL V1.48.0.0
 
<h2>Project:</h2>
D:\stm32\IR_DET_V10\MDK-ARM\IR_DET_V10.uvprojx
Project File Date:  07/08/2026

<h2>Output:</h2>
*** Using Compiler 'V5.06 update 7 (build 960)', folder: 'D:\Program Files\KEIL5\ARM\ARMCC\Bin'
Build target 'IR_DET_V10'
compiling main.c...
../Core/Src/main.c(53): warning:  #223-D: function "dwin_send_vp_82" declared implicitly
  	  dwin_send_vp_82(0x1000, temp);
../Core/Src/main.c(66): warning:  #223-D: function "DS18B20_GetTemp" declared implicitly
          env_temp = DS18B20_GetTemp();
../Core/Src/main.c(74): warning:  #223-D: function "memset" declared implicitly
              memset(usart2_rx_buf, 0, USART2_RX_BUF_LEN);
../Core/Src/main.c(83): warning:  #223-D: function "memset" declared implicitly
              memset(usart1_rx_buf, 0, USART1_RX_BUF_LEN);
../Core/Src/main.c(105): warning:  #223-D: function "strlen" declared implicitly
      HAL_UART_Transmit(&huart2, (uint8_t *)str, strlen(str), 100);
../Core/Src/main.c(109): warning:  #223-D: function "strlen" declared implicitly
      HAL_UART_Transmit(&huart1, (uint8_t *)str, strlen(str), 100);
../Core/Src/main.c(119): warning:  #223-D: function "memset" declared implicitly
          memset(usart2_rx_buf, 0, USART2_RX_BUF_LEN);
../Core/Src/main.c(137): warning:  #223-D: function "memset" declared implicitly
              memset(usart1_rx_buf, 0, USART1_RX_BUF_LEN);
../Core/Src/main.c: 8 warnings, 0 errors
linking...
Program Size: Code=9944 RO-data=396 RW-data=28 ZI-data=2084  
FromELF: creating hex file...
"IR_DET_V10\IR_DET_V10.axf" - 0 Error(s), 8 Warning(s).

<h2>Software Packages used:</h2>

Package Vendor: ARM
                http://www.keil.com/pack/ARM.CMSIS.5.7.0.pack
                ARM.CMSIS.5.7.0
                CMSIS (Cortex Microcontroller Software Interface Standard)
   * Component: CORE Version: 5.4.0

Package Vendor: Keil
                https://www.keil.com/pack/Keil.STM32F1xx_DFP.2.4.1.pack
                Keil.STM32F1xx_DFP.2.4.1
                STMicroelectronics STM32F1 Series Device Support, Drivers and Examples

<h2>Collection of Component include folders:</h2>
  .\RTE\_IR_DET_V10
  D:\keil_log\ARM\CMSIS\5.7.0\CMSIS\Core\Include
  D:\keil_log\Keil\STM32F1xx_DFP\2.4.1\Device\Include

<h2>Collection of Component Files used:</h2>

   * Component: ARM::CMSIS:CORE:5.4.0
      Include file:  CMSIS\Core\Include\tz_context.h
Build Time Elapsed:  00:00:01
</pre>
</body>
</html>
